\BOOKMARK [0][-]{chapter*.1}{\376\377\000A\000P\000P\000R\000O\000V\000A\000L\000S}{}% 1
\BOOKMARK [0][-]{chapter*.2}{\376\377\000D\000E\000C\000L\000A\000R\000A\000T\000I\000O\000N\000\040\000O\000F\000\040\000O\000R\000I\000G\000I\000N\000A\000L\000I\000T\000Y}{}% 2
\BOOKMARK [0][-]{chapter*.3}{\376\377\000A\000C\000K\000N\000O\000W\000L\000E\000D\000G\000E\000M\000E\000N\000T}{}% 3
\BOOKMARK [0][-]{chapter*.4}{\376\377\000A\000B\000B\000R\000E\000V\000I\000A\000T\000I\000O\000N\000S\000\040\000A\000N\000D\000\040\000A\000C\000R\000O\000N\000Y\000M\000S}{}% 4
\BOOKMARK [0][-]{chapter*.5}{\376\377\000A\000B\000S\000T\000R\000A\000C\000T}{}% 5
\BOOKMARK [0][-]{chapter.1}{\376\377\000I\000N\000T\000R\000O\000D\000U\000C\000T\000I\000O\000N}{}% 6
\BOOKMARK [1][-]{section.1.1}{\376\377\000B\000a\000c\000k\000g\000r\000o\000u\000n\000d\000\040\000o\000f\000\040\000S\000t\000u\000d\000y}{chapter.1}% 7
\BOOKMARK [1][-]{section.1.2}{\376\377\000P\000r\000o\000b\000l\000e\000m\000\040\000S\000t\000a\000t\000e\000m\000e\000n\000t}{chapter.1}% 8
\BOOKMARK [1][-]{section.1.3}{\376\377\000O\000b\000j\000e\000c\000t\000i\000v\000e\000s}{chapter.1}% 9
\BOOKMARK [2][-]{subsection.1.3.1}{\376\377\000O\000v\000e\000r\000a\000l\000l\000\040\000O\000b\000j\000e\000c\000t\000i\000v\000e}{section.1.3}% 10
\BOOKMARK [2][-]{subsection.1.3.2}{\376\377\000S\000p\000e\000c\000i\000f\000i\000c\000\040\000O\000b\000j\000e\000c\000t\000i\000v\000e\000s}{section.1.3}% 11
\BOOKMARK [1][-]{section.1.4}{\376\377\000R\000e\000s\000e\000a\000r\000c\000h\000\040\000Q\000u\000e\000s\000t\000i\000o\000n\000s}{chapter.1}% 12
\BOOKMARK [1][-]{section.1.5}{\376\377\000J\000u\000s\000t\000i\000f\000i\000c\000a\000t\000i\000o\000n\000\040\000a\000n\000d\000\040\000S\000i\000g\000n\000i\000f\000i\000c\000a\000n\000c\000e\000\040\000o\000f\000\040\000t\000h\000e\000\040\000R\000e\000s\000e\000a\000r\000c\000h}{chapter.1}% 13
\BOOKMARK [1][-]{section.1.6}{\376\377\000S\000c\000o\000p\000e\000\040\000o\000f\000\040\000t\000h\000e\000\040\000W\000o\000r\000k}{chapter.1}% 14
\BOOKMARK [1][-]{section.1.7}{\376\377\000O\000r\000g\000a\000n\000i\000z\000a\000t\000i\000o\000n\000\040\000o\000f\000\040\000t\000h\000e\000\040\000P\000r\000o\000p\000o\000s\000a\000l}{chapter.1}% 15
\BOOKMARK [0][-]{chapter.2}{\376\377\000L\000I\000T\000E\000R\000A\000T\000U\000R\000E\000\040\000R\000E\000V\000I\000E\000W}{}% 16
\BOOKMARK [1][-]{section.2.1}{\376\377\000O\000v\000e\000r\000v\000i\000e\000w\000\040\000o\000f\000\040\000t\000h\000e\000\040\000C\000h\000a\000p\000t\000e\000r}{chapter.2}% 17
\BOOKMARK [1][-]{section.2.2}{\376\377\000M\000a\000c\000h\000i\000n\000e\000\040\000L\000e\000a\000r\000n\000i\000n\000g\000\040\000i\000n\000\040\000A\000i\000r\000\040\000Q\000u\000a\000l\000i\000t\000y\000\040\000F\000o\000r\000e\000c\000a\000s\000t\000i\000n\000g}{chapter.2}% 18
\BOOKMARK [1][-]{section.2.3}{\376\377\000S\000m\000a\000r\000t\000\040\000C\000i\000t\000i\000e\000s\000\040\000a\000n\000d\000\040\000A\000I\000\040\000T\000r\000a\000d\000e\000-\000o\000f\000f\000s}{chapter.2}% 19
\BOOKMARK [1][-]{section.2.4}{\376\377\000U\000r\000b\000a\000n\000\040\000H\000e\000a\000t\000\040\000I\000s\000l\000a\000n\000d\000\040\000P\000r\000e\000d\000i\000c\000t\000i\000o\000n}{chapter.2}% 20
\BOOKMARK [1][-]{section.2.5}{\376\377\000I\000o\000T\000-\000B\000a\000s\000e\000d\000\040\000M\000o\000n\000i\000t\000o\000r\000i\000n\000g\000\040\000P\000l\000a\000t\000f\000o\000r\000m\000s}{chapter.2}% 21
\BOOKMARK [1][-]{section.2.6}{\376\377\000H\000e\000a\000l\000t\000h\000\040\000I\000m\000p\000a\000c\000t\000\040\000a\000n\000d\000\040\000P\000r\000e\000d\000i\000c\000t\000i\000v\000e\000\040\000M\000o\000d\000e\000l\000i\000n\000g}{chapter.2}% 22
\BOOKMARK [1][-]{section.2.7}{\376\377\000S\000u\000m\000m\000a\000r\000y\000\040\000o\000f\000\040\000L\000i\000t\000e\000r\000a\000t\000u\000r\000e\000\040\000a\000n\000d\000\040\000R\000e\000s\000e\000a\000r\000c\000h\000\040\000G\000a\000p}{chapter.2}% 23
\BOOKMARK [0][-]{chapter.3}{\376\377\000M\000E\000T\000H\000O\000D\000O\000L\000O\000G\000Y}{}% 24
\BOOKMARK [1][-]{section.3.1}{\376\377\000O\000v\000e\000r\000v\000i\000e\000w\000\040\000o\000f\000\040\000t\000h\000e\000\040\000C\000h\000a\000p\000t\000e\000r}{chapter.3}% 25
\BOOKMARK [1][-]{section.3.2}{\376\377\000R\000e\000s\000e\000a\000r\000c\000h\000\040\000D\000e\000s\000i\000g\000n}{chapter.3}% 26
\BOOKMARK [1][-]{section.3.3}{\376\377\000S\000t\000u\000d\000y\000\040\000A\000r\000e\000a\000\040\000/\000\040\000P\000o\000p\000u\000l\000a\000t\000i\000o\000n}{chapter.3}% 27
\BOOKMARK [2][-]{subsection.3.3.1}{\376\377\000G\000e\000o\000g\000r\000a\000p\000h\000i\000c\000a\000l\000\040\000C\000o\000n\000t\000e\000x\000t}{section.3.3}% 28
\BOOKMARK [2][-]{subsection.3.3.2}{\376\377\000T\000a\000r\000g\000e\000t\000\040\000P\000o\000p\000u\000l\000a\000t\000i\000o\000n}{section.3.3}% 29
\BOOKMARK [1][-]{section.3.4}{\376\377\000S\000a\000m\000p\000l\000i\000n\000g\000\040\000S\000t\000r\000a\000t\000e\000g\000y}{chapter.3}% 30
\BOOKMARK [2][-]{subsection.3.4.1}{\376\377\000S\000e\000n\000s\000o\000r\000\040\000S\000i\000t\000e\000\040\000S\000e\000l\000e\000c\000t\000i\000o\000n}{section.3.4}% 31
\BOOKMARK [2][-]{subsection.3.4.2}{\376\377\000H\000e\000a\000l\000t\000h\000\040\000D\000a\000t\000a\000\040\000S\000a\000m\000p\000l\000i\000n\000g}{section.3.4}% 32
\BOOKMARK [1][-]{section.3.5}{\376\377\000D\000a\000t\000a\000\040\000C\000o\000l\000l\000e\000c\000t\000i\000o\000n\000\040\000M\000e\000t\000h\000o\000d\000s\000\040\000/\000\040\000I\000n\000s\000t\000r\000u\000m\000e\000n\000t\000a\000t\000i\000o\000n}{chapter.3}% 33
\BOOKMARK [2][-]{subsection.3.5.1}{\376\377\000I\000o\000T\000\040\000S\000e\000n\000s\000o\000r\000\040\000N\000e\000t\000w\000o\000r\000k}{section.3.5}% 34
\BOOKMARK [2][-]{subsection.3.5.2}{\376\377\000C\000l\000o\000u\000d\000\040\000P\000l\000a\000t\000f\000o\000r\000m\000\040\000A\000r\000c\000h\000i\000t\000e\000c\000t\000u\000r\000e}{section.3.5}% 35
\BOOKMARK [2][-]{subsection.3.5.3}{\376\377\000A\000I\000\040\000/\000\040\000M\000a\000c\000h\000i\000n\000e\000\040\000L\000e\000a\000r\000n\000i\000n\000g\000\040\000F\000r\000a\000m\000e\000w\000o\000r\000k}{section.3.5}% 36
\BOOKMARK [2][-]{subsection.3.5.4}{\376\377\000H\000e\000a\000l\000t\000h\000\040\000a\000n\000d\000\040\000S\000o\000c\000i\000o\000-\000E\000c\000o\000n\000o\000m\000i\000c\000\040\000D\000a\000t\000a\000\040\000I\000n\000t\000e\000g\000r\000a\000t\000i\000o\000n}{section.3.5}% 37
\BOOKMARK [1][-]{section.3.6}{\376\377\000D\000a\000t\000a\000\040\000A\000n\000a\000l\000y\000s\000i\000s\000\040\000P\000l\000a\000n}{chapter.3}% 38
\BOOKMARK [1][-]{section.3.7}{\376\377\000V\000a\000l\000i\000d\000i\000t\000y\000\040\000a\000n\000d\000\040\000R\000e\000l\000i\000a\000b\000i\000l\000i\000t\000y}{chapter.3}% 39
\BOOKMARK [1][-]{section.3.8}{\376\377\000E\000t\000h\000i\000c\000a\000l\000\040\000C\000o\000n\000s\000i\000d\000e\000r\000a\000t\000i\000o\000n\000s}{chapter.3}% 40
\BOOKMARK [1][-]{section.3.9}{\376\377\000S\000y\000s\000t\000e\000m\000\040\000A\000r\000c\000h\000i\000t\000e\000c\000t\000u\000r\000e\000\040\000O\000v\000e\000r\000v\000i\000e\000w}{chapter.3}% 41
\BOOKMARK [1][-]{section.3.10}{\376\377\000E\000d\000g\000e\000\040\000H\000a\000r\000d\000w\000a\000r\000e\000\040\000T\000i\000e\000r\000:\000\040\000A\000r\000d\000u\000i\000n\000o\000\040\000D\000u\000e\000\040\000S\000e\000n\000s\000o\000r\000\040\000N\000o\000d\000e}{chapter.3}% 42
\BOOKMARK [2][-]{subsection.3.10.1}{\376\377\000M\000i\000c\000r\000o\000c\000o\000n\000t\000r\000o\000l\000l\000e\000r\000\040\000S\000e\000l\000e\000c\000t\000i\000o\000n}{section.3.10}% 43
\BOOKMARK [2][-]{subsection.3.10.2}{\376\377\000S\000e\000n\000s\000o\000r\000\040\000A\000r\000r\000a\000y\000\040\000C\000o\000m\000p\000o\000s\000i\000t\000i\000o\000n}{section.3.10}% 44
\BOOKMARK [2][-]{subsection.3.10.3}{\376\377\000P\000a\000y\000l\000o\000a\000d\000\040\000C\000o\000n\000s\000t\000r\000u\000c\000t\000i\000o\000n\000\040\000a\000n\000d\000\040\000T\000r\000a\000n\000s\000m\000i\000s\000s\000i\000o\000n}{section.3.10}% 45
\BOOKMARK [1][-]{section.3.11}{\376\377\000P\000r\000i\000m\000a\000r\000y\000\040\000B\000a\000c\000k\000e\000n\000d\000\040\000T\000i\000e\000r\000:\000\040\000F\000l\000a\000s\000k\000\040\000A\000P\000I\000\040\000o\000n\000\040\000P\000y\000t\000h\000o\000n\000A\000n\000y\000w\000h\000e\000r\000e}{chapter.3}% 46
\BOOKMARK [2][-]{subsection.3.11.1}{\376\377\000A\000p\000p\000l\000i\000c\000a\000t\000i\000o\000n\000\040\000F\000r\000a\000m\000e\000w\000o\000r\000k}{section.3.11}% 47
\BOOKMARK [2][-]{subsection.3.11.2}{\376\377\000R\000e\000l\000a\000t\000i\000o\000n\000a\000l\000\040\000D\000a\000t\000a\000\040\000S\000c\000h\000e\000m\000a}{section.3.11}% 48
\BOOKMARK [2][-]{subsection.3.11.3}{\376\377\000I\000n\000g\000e\000s\000t\000i\000o\000n\000\040\000P\000i\000p\000e\000l\000i\000n\000e\000\040\000a\000n\000d\000\040\000R\000e\000a\000l\000-\000T\000i\000m\000e\000\040\000M\000L\000\040\000I\000n\000f\000e\000r\000e\000n\000c\000e}{section.3.11}% 49
\BOOKMARK [2][-]{subsection.3.11.4}{\376\377\000A\000P\000I\000\040\000E\000n\000d\000p\000o\000i\000n\000t\000\040\000I\000n\000v\000e\000n\000t\000o\000r\000y}{section.3.11}% 50
\BOOKMARK [1][-]{section.3.12}{\376\377\000M\000a\000c\000h\000i\000n\000e\000\040\000L\000e\000a\000r\000n\000i\000n\000g\000\040\000M\000e\000t\000h\000o\000d\000o\000l\000o\000g\000y}{chapter.3}% 51
\BOOKMARK [2][-]{subsection.3.12.1}{\376\377\000P\000r\000o\000b\000l\000e\000m\000\040\000F\000o\000r\000m\000u\000l\000a\000t\000i\000o\000n}{section.3.12}% 52
\BOOKMARK [2][-]{subsection.3.12.2}{\376\377\000T\000r\000a\000i\000n\000i\000n\000g\000\040\000D\000a\000t\000a}{section.3.12}% 53
\BOOKMARK [2][-]{subsection.3.12.3}{\376\377\000M\000o\000d\000e\000l\000\040\000A\000r\000c\000h\000i\000t\000e\000c\000t\000u\000r\000e\000s}{section.3.12}% 54
\BOOKMARK [2][-]{subsection.3.12.4}{\376\377\000E\000n\000s\000e\000m\000b\000l\000e\000\040\000A\000g\000g\000r\000e\000g\000a\000t\000i\000o\000n\000\040\000S\000t\000r\000a\000t\000e\000g\000y}{section.3.12}% 55
\BOOKMARK [1][-]{section.3.13}{\376\377\000C\000l\000i\000e\000n\000t\000\040\000P\000r\000e\000s\000e\000n\000t\000a\000t\000i\000o\000n\000\040\000T\000i\000e\000r\000:\000\040\000R\000e\000a\000c\000t\000\040\000D\000a\000s\000h\000b\000o\000a\000r\000d\000\040\000o\000n\000\040\000V\000e\000r\000c\000e\000l}{chapter.3}% 56
\BOOKMARK [2][-]{subsection.3.13.1}{\376\377\000D\000e\000p\000l\000o\000y\000m\000e\000n\000t\000\040\000A\000r\000c\000h\000i\000t\000e\000c\000t\000u\000r\000e}{section.3.13}% 57
\BOOKMARK [2][-]{subsection.3.13.2}{\376\377\000R\000e\000a\000l\000-\000T\000i\000m\000e\000\040\000D\000a\000t\000a\000\040\000P\000o\000l\000l\000i\000n\000g\000\040\000S\000t\000r\000a\000t\000e\000g\000y}{section.3.13}% 58
\BOOKMARK [2][-]{subsection.3.13.3}{\376\377\000D\000a\000s\000h\000b\000o\000a\000r\000d\000\040\000C\000o\000m\000p\000o\000n\000e\000n\000t\000s}{section.3.13}% 59
\BOOKMARK [2][-]{subsection.3.13.4}{\376\377\000R\000e\000s\000i\000l\000i\000e\000n\000c\000e\000\040\000M\000e\000c\000h\000a\000n\000i\000s\000m\000s}{section.3.13}% 60
\BOOKMARK [1][-]{section.3.14}{\376\377\000C\000o\000n\000t\000a\000i\000n\000e\000r\000i\000z\000e\000d\000\040\000M\000i\000c\000r\000o\000s\000e\000r\000v\000i\000c\000e\000s\000\040\000T\000i\000e\000r}{chapter.3}% 61
\BOOKMARK [2][-]{subsection.3.14.1}{\376\377\000D\000o\000c\000k\000e\000r\000\040\000C\000o\000m\000p\000o\000s\000e\000\040\000I\000n\000f\000r\000a\000s\000t\000r\000u\000c\000t\000u\000r\000e}{section.3.14}% 62
\BOOKMARK [2][-]{subsection.3.14.2}{\376\377\000K\000a\000f\000k\000a\000-\000t\000o\000-\000I\000n\000f\000l\000u\000x\000D\000B\000\040\000A\000n\000a\000l\000y\000t\000i\000c\000s\000\040\000B\000r\000i\000d\000g\000e}{section.3.14}% 63
\BOOKMARK [2][-]{subsection.3.14.3}{\376\377\000A\000i\000r\000\040\000Q\000u\000a\000l\000i\000t\000y\000\040\000C\000l\000a\000s\000s\000i\000f\000i\000c\000a\000t\000i\000o\000n}{section.3.14}% 64
\BOOKMARK [2][-]{subsection.3.14.4}{\376\377\000P\000o\000l\000y\000g\000l\000o\000t\000\040\000P\000e\000r\000s\000i\000s\000t\000e\000n\000c\000e\000\040\000A\000r\000c\000h\000i\000t\000e\000c\000t\000u\000r\000e}{section.3.14}% 65
\BOOKMARK [1][-]{section.3.15}{\376\377\000R\000e\000q\000u\000e\000s\000t\000-\000R\000e\000s\000p\000o\000n\000s\000e\000\040\000S\000e\000q\000u\000e\000n\000c\000e\000s}{chapter.3}% 66
\BOOKMARK [2][-]{subsection.3.15.1}{\376\377\000D\000a\000s\000h\000b\000o\000a\000r\000d\000\040\000F\000o\000r\000e\000c\000a\000s\000t\000\040\000C\000o\000m\000p\000a\000r\000i\000s\000o\000n\000\040\000S\000e\000q\000u\000e\000n\000c\000e}{section.3.15}% 67
\BOOKMARK [2][-]{subsection.3.15.2}{\376\377\000A\000r\000d\000u\000i\000n\000o\000\040\000D\000a\000t\000a\000\040\000I\000n\000g\000e\000s\000t\000i\000o\000n\000\040\000S\000e\000q\000u\000e\000n\000c\000e}{section.3.15}% 68
\BOOKMARK [1][-]{section.3.16}{\376\377\000O\000b\000s\000e\000r\000v\000a\000b\000i\000l\000i\000t\000y\000\040\000a\000n\000d\000\040\000M\000o\000n\000i\000t\000o\000r\000i\000n\000g}{chapter.3}% 69
\BOOKMARK [2][-]{subsection.3.16.1}{\376\377\000P\000r\000o\000m\000e\000t\000h\000e\000u\000s\000\040\000M\000e\000t\000r\000i\000c\000s\000\040\000C\000o\000l\000l\000e\000c\000t\000i\000o\000n}{section.3.16}% 70
\BOOKMARK [2][-]{subsection.3.16.2}{\376\377\000G\000r\000a\000f\000a\000n\000a\000\040\000D\000a\000s\000h\000b\000o\000a\000r\000d\000s}{section.3.16}% 71
\BOOKMARK [0][-]{chapter.4}{\376\377\000E\000X\000P\000E\000C\000T\000E\000D\000\040\000O\000U\000T\000C\000O\000M\000E\000S}{}% 72
\BOOKMARK [1][-]{section.4.1}{\376\377\000R\000e\000a\000l\000-\000T\000i\000m\000e\000\040\000H\000i\000g\000h\000-\000F\000r\000e\000q\000u\000e\000n\000c\000y\000\040\000M\000o\000n\000i\000t\000o\000r\000i\000n\000g}{chapter.4}% 73
\BOOKMARK [1][-]{section.4.2}{\376\377\000A\000I\000-\000D\000r\000i\000v\000e\000n\000\040\000A\000l\000e\000r\000t\000\040\000S\000y\000s\000t\000e\000m}{chapter.4}% 74
\BOOKMARK [1][-]{section.4.3}{\376\377\000V\000u\000l\000n\000e\000r\000a\000b\000i\000l\000i\000t\000y\000\040\000a\000n\000d\000\040\000E\000x\000p\000o\000s\000u\000r\000e\000\040\000M\000a\000p\000s}{chapter.4}% 75
\BOOKMARK [1][-]{section.4.4}{\376\377\000P\000o\000l\000i\000c\000y\000\040\000B\000r\000i\000e\000f\000s\000\040\000a\000n\000d\000\040\000H\000e\000a\000t\000\040\000A\000c\000t\000i\000o\000n\000\040\000P\000l\000a\000n\000s}{chapter.4}% 76
\BOOKMARK [1][-]{section.4.5}{\376\377\000L\000o\000c\000a\000l\000\040\000C\000a\000p\000a\000c\000i\000t\000y\000\040\000B\000u\000i\000l\000d\000i\000n\000g}{chapter.4}% 77
\BOOKMARK [1][-]{section.4.6}{\376\377\000S\000y\000s\000t\000e\000m\000\040\000P\000e\000r\000f\000o\000r\000m\000a\000n\000c\000e\000\040\000V\000a\000l\000i\000d\000a\000t\000i\000o\000n}{chapter.4}% 78
\BOOKMARK [2][-]{subsection.4.6.1}{\376\377\000M\000a\000c\000h\000i\000n\000e\000\040\000L\000e\000a\000r\000n\000i\000n\000g\000\040\000M\000o\000d\000e\000l\000\040\000P\000e\000r\000f\000o\000r\000m\000a\000n\000c\000e}{section.4.6}% 79
\BOOKMARK [2][-]{subsection.4.6.2}{\376\377\000S\000y\000s\000t\000e\000m\000\040\000A\000r\000c\000h\000i\000t\000e\000c\000t\000u\000r\000e\000\040\000P\000e\000r\000f\000o\000r\000m\000a\000n\000c\000e\000\040\000T\000a\000r\000g\000e\000t\000s}{section.4.6}% 80
\BOOKMARK [1][-]{section.4.7}{\376\377\000T\000e\000c\000h\000n\000o\000l\000o\000g\000y\000\040\000S\000t\000a\000c\000k\000\040\000S\000u\000m\000m\000a\000r\000y}{chapter.4}% 81
\BOOKMARK [1][-]{section.4.8}{\376\377\000R\000e\000p\000o\000s\000i\000t\000o\000r\000y\000\040\000S\000t\000r\000u\000c\000t\000u\000r\000e}{chapter.4}% 82
\BOOKMARK [0][-]{chapter.5}{\376\377\000W\000O\000R\000K\000\040\000P\000L\000A\000N\000\040\000A\000N\000D\000\040\000B\000U\000D\000G\000E\000T}{}% 83
\BOOKMARK [1][-]{section.5.1}{\376\377\000O\000v\000e\000r\000v\000i\000e\000w}{chapter.5}% 84
\BOOKMARK [1][-]{section.5.2}{\376\377\000W\000o\000r\000k\000\040\000P\000l\000a\000n}{chapter.5}% 85
\BOOKMARK [1][-]{section.5.3}{\376\377\000B\000u\000d\000g\000e\000t}{chapter.5}% 86
\BOOKMARK [1][-]{section.5.4}{\376\377\000F\000i\000n\000a\000l\000\040\000C\000o\000n\000c\000l\000u\000s\000i\000o\000n\000\040\000S\000u\000m\000m\000a\000r\000y}{chapter.5}% 87
\BOOKMARK [0][-]{section*.51}{\376\377\000A\000p\000p\000e\000n\000d\000i\000c\000e\000s}{}% 88
\BOOKMARK [0][-]{appendix.1.A}{\376\377\000C\000O\000N\000S\000E\000N\000T\000\040\000F\000O\000R\000M}{}% 89
\BOOKMARK [0][-]{appendix.1.B}{\376\377\000S\000U\000R\000V\000E\000Y\000\040\000Q\000U\000E\000S\000T\000I\000O\000N\000N\000A\000I\000R\000E}{}% 90
\BOOKMARK [0][-]{appendix.1.C}{\376\377\000L\000E\000T\000T\000E\000R\000S\000\040\000O\000F\000\040\000P\000E\000R\000M\000I\000S\000S\000I\000O\000N}{}% 91
